// Jest Snapshot v1, https://goo.gl/fbAQLP

exports[`Navbar tests checks if navbar is displayed 1`] = `ShallowWrapper {}`;
