// Jest Snapshot v1, https://goo.gl/fbAQLP

exports[`Footer tests checks if footer is correct 1`] = `ShallowWrapper {}`;
