// Jest Snapshot v1, https://goo.gl/fbAQLP

exports[`Header tests checks if Header is correct 1`] = `ShallowWrapper {}`;
